../Core/Src/adBms_Application.c:68:6:adbms_main	8	static
../Core/Src/adBms_Application.c:89:6:run_command	24	static
../Core/Src/adBms_Application.c:211:6:adBms6830_init_config	40	static
../Core/Src/adBms_Application.c:241:6:adBms6830_write_read_config	24	static
../Core/Src/adBms_Application.c:257:6:adBms6830_read_config	24	static
../Core/Src/adBms_Application.c:270:6:adBms6830_start_adc_cell_voltage_measurment	32	static
../Core/Src/adBms_Application.c:288:6:adBms6830_read_cell_voltages	24	static
../Core/Src/adBms_Application.c:305:6:adBms6830_start_adc_s_voltage_measurment	16	static
../Core/Src/adBms_Application.c:323:6:adBms6830_read_s_voltages	24	static
../Core/Src/adBms_Application.c:340:6:adBms6830_start_avgcell_voltage_measurment	24	static
../Core/Src/adBms_Application.c:358:6:adBms6830_read_avgcell_voltages	24	static
../Core/Src/adBms_Application.c:375:6:adBms6830_start_fcell_voltage_measurment	32	static
../Core/Src/adBms_Application.c:393:6:adBms6830_read_fcell_voltages	24	static
../Core/Src/adBms_Application.c:410:6:adBms6830_start_aux_voltage_measurment	32	static
../Core/Src/adBms_Application.c:435:6:adBms6830_read_aux_voltages	24	static
../Core/Src/adBms_Application.c:450:6:adBms6830_start_raux_voltage_measurment	32	static
../Core/Src/adBms_Application.c:475:6:adBms6830_read_raux_voltages	24	static
../Core/Src/adBms_Application.c:490:6:adBms6830_read_status_registers	32	static
../Core/Src/adBms_Application.c:514:6:measurement_loop	16	static
../Core/Src/adBms_Application.c:599:6:adBms6830_clear_cell_measurement	16	static
../Core/Src/adBms_Application.c:615:6:adBms6830_clear_aux_measurement	16	static
../Core/Src/adBms_Application.c:631:6:adBms6830_clear_spin_measurement	16	static
../Core/Src/adBms_Application.c:647:6:adBms6830_clear_fcell_measurement	16	static
