../Core/Src/mcuWrapper.c:238:6:Delay_ms	16	static
../Core/Src/mcuWrapper.c:254:6:adBmsCsLow	8	static
../Core/Src/mcuWrapper.c:270:6:adBmsCsHigh	8	static
../Core/Src/mcuWrapper.c:290:6:spiWriteBytes	16	static
../Core/Src/mcuWrapper.c:316:6:spiWriteReadBytes	24	static
../Core/Src/mcuWrapper.c:342:6:spiReadBytes	16	static
../Core/Src/mcuWrapper.c:358:6:startTimer	8	static
../Core/Src/mcuWrapper.c:374:6:stopTimer	8	static
../Core/Src/mcuWrapper.c:390:10:getTimCount	16	static
../Core/Src/mcuWrapper.c:413:6:adBmsWakeupIc	24	static
