../Core/Src/serialPrintResult.c:1067:6:printWriteConfig	24	static
../Core/Src/serialPrintResult.c:1137:6:printReadConfig	24	static
../Core/Src/serialPrintResult.c:1235:6:printVoltages	40	static
../Core/Src/serialPrintResult.c:1346:6:printStatus	24	static
../Core/Src/serialPrintResult.c:1566:6:printDeviceSID	24	static
../Core/Src/serialPrintResult.c:1607:6:printWritePwmDutyCycle	24	static
../Core/Src/serialPrintResult.c:1666:6:printReadPwmDutyCycle	24	static
../Core/Src/serialPrintResult.c:1745:6:printWriteCommData	24	static
../Core/Src/serialPrintResult.c:1782:6:printReadCommData	24	static
../Core/Src/serialPrintResult.c:1824:6:printDiagnosticTestResult	24	static
../Core/Src/serialPrintResult.c:1908:6:diagnosticTestResultPrint	16	static
../Core/Src/serialPrintResult.c:1938:6:printOpenWireTestResult	24	static
../Core/Src/serialPrintResult.c:1999:6:openWireResultPrint	16	static
../Core/Src/serialPrintResult.c:2022:6:printPollAdcConvTime	16	static
../Core/Src/serialPrintResult.c:2038:6:printMenu	8	static
../Core/Src/serialPrintResult.c:2085:7:getVoltage	24	static
