../Core/Src/ADBMS.c:34:6:adBms6830_init_config	40	static
../Core/Src/ADBMS.c:101:6:adBmsCsLow	8	static
../Core/Src/ADBMS.c:116:6:adBmsCsHigh	8	static
../Core/Src/ADBMS.c:133:6:adBmsWakeupIc	24	static
../Core/Src/ADBMS.c:168:6:adBmsReadData	72	static
../Core/Src/ADBMS.c:420:6:adBmsWriteData	48	static
../Core/Src/ADBMS.c:526:6:spiReadData	56	static
../Core/Src/ADBMS.c:601:6:spiWriteData	48	static
../Core/Src/ADBMS.c:690:10:Pec15_Calc	24	static
../Core/Src/ADBMS.c:703:10:pec10_calc	32	static
../Core/Src/ADBMS.c:757:10:adBmsPollAdc	32	static
../Core/Src/ADBMS.c:800:6:adBms6830_Adcv	32	static
../Core/Src/ADBMS.c:807:6:adBms6830_Adcv_ALL	32	static
../Core/Src/ADBMS.c:836:6:adBms6830_Adsv	24	static
../Core/Src/ADBMS.c:843:6:adBms6830_Adsv_ALL	32	static
../Core/Src/ADBMS.c:871:6:adBms6830_Adax	24	static
../Core/Src/ADBMS.c:878:6:adBms6830_Adax_ALL	32	static
../Core/Src/ADBMS.c:901:6:adBms6830_Adax2	24	static
../Core/Src/ADBMS.c:913:6:adBms6830_write_read_config	24	static
../Core/Src/ADBMS.c:928:6:adBms6830_read_config	24	static
../Core/Src/ADBMS.c:940:6:adBms6830_start_adc_cell_voltage_measurment	32	static
../Core/Src/ADBMS.c:954:6:adBms6830_read_cell_voltages	24	static
../Core/Src/ADBMS.c:970:6:adBms6830_start_adc_s_voltage_measurment	16	static
../Core/Src/ADBMS.c:979:6:adBms6830_start_adc_s_voltage_measurment_c	16	static
../Core/Src/ADBMS.c:987:6:adBms6830_start_adc_s_voltage_measurment_t	16	static
../Core/Src/ADBMS.c:1001:6:adBms6830_read_s_voltages	24	static
../Core/Src/ADBMS.c:1012:7:Thermistor	24	static
../Core/Src/ADBMS.c:1025:6:adBms6830tempMesurementand_open_wire_detection	72	static
../Core/Src/ADBMS.c:1066:19:adBms6830_open_wire_detection	64	dynamic
../Core/Src/ADBMS.c:1142:6:adBms6830_start_avgcell_voltage_measurment	24	static
../Core/Src/ADBMS.c:1157:6:adBms6830_read_avgcell_voltages	24	static
../Core/Src/ADBMS.c:1173:6:adBms6830_start_fcell_voltage_measurment	32	static
../Core/Src/ADBMS.c:1188:6:adBms6830_read_fcell_voltages	24	static
../Core/Src/ADBMS.c:1204:6:adBms6830_start_aux_voltage_measurment	32	static
../Core/Src/ADBMS.c:1225:6:adBms6830_read_aux_voltages	24	static
../Core/Src/ADBMS.c:1239:6:adBms6830_start_raux_voltage_measurment	32	static
../Core/Src/ADBMS.c:1260:6:adBms6830_read_raux_voltages	24	static
../Core/Src/ADBMS.c:1274:6:adBms6830_read_status_registers	32	static
../Core/Src/ADBMS.c:1309:6:adBms6830_clear_cell_measurement	16	static
../Core/Src/ADBMS.c:1321:6:adBms6830_clear_aux_measurement	16	static
../Core/Src/ADBMS.c:1333:6:adBms6830_clear_spin_measurement	16	static
../Core/Src/ADBMS.c:1345:6:adBms6830_clear_fcell_measurement	16	static
../Core/Src/ADBMS.c:1366:6:spiSendCmd	24	static
../Core/Src/ADBMS.c:1399:6:printWriteConfig	24	static
../Core/Src/ADBMS.c:1462:6:printReadConfig	24	static
../Core/Src/ADBMS.c:1553:6:printVoltages	40	static
../Core/Src/ADBMS.c:1650:6:printStatus	24	static
../Core/Src/ADBMS.c:1857:6:printDeviceSID	24	static
../Core/Src/ADBMS.c:1896:6:printWritePwmDutyCycle	24	static
../Core/Src/ADBMS.c:1949:6:printReadPwmDutyCycle	24	static
../Core/Src/ADBMS.c:2022:6:printWriteCommData	24	static
../Core/Src/ADBMS.c:2057:6:printReadCommData	24	static
../Core/Src/ADBMS.c:2097:6:printDiagnosticTestResult	24	static
../Core/Src/ADBMS.c:2170:6:diagnosticTestResultPrint	16	static
../Core/Src/ADBMS.c:2196:6:printOpenWireTestResult	24	static
../Core/Src/ADBMS.c:2246:6:openWireResultPrint	16	static
../Core/Src/ADBMS.c:2265:6:printPollAdcConvTime	16	static
../Core/Src/ADBMS.c:2280:6:printMenu	8	static
../Core/Src/ADBMS.c:2325:7:getVoltage	24	static
