../Core/Src/adBms6830ParseCreate.c:36:10:SetOverVoltageThreshold	24	static
../Core/Src/adBms6830ParseCreate.c:62:10:SetUnderVoltageThreshold	24	static
../Core/Src/adBms6830ParseCreate.c:90:9:ConfigA_Flag	24	static
../Core/Src/adBms6830ParseCreate.c:121:10:ConfigA_Gpo	24	static
../Core/Src/adBms6830ParseCreate.c:152:10:ConfigB_DccBit	24	static
../Core/Src/adBms6830ParseCreate.c:187:6:SetConfigB_DischargeTimeOutValue	24	static
../Core/Src/adBms6830ParseCreate.c:222:6:SetPwmDutyCycle	24	static
../Core/Src/adBms6830ParseCreate.c:257:6:adBms6830ParseConfiga	32	static
../Core/Src/adBms6830ParseCreate.c:302:6:adBms6830ParseConfigb	32	static
../Core/Src/adBms6830ParseCreate.c:340:6:adBms6830ParseConfig	24	static
../Core/Src/adBms6830ParseCreate.c:379:6:adBms6830ParseCell	32	static
../Core/Src/adBms6830ParseCreate.c:481:6:adBms6830ParseAverageCell	32	static
../Core/Src/adBms6830ParseCreate.c:584:6:adBms6830ParseSCell	32	static
../Core/Src/adBms6830ParseCreate.c:686:6:adBms6830ParseFCell	32	static
../Core/Src/adBms6830ParseCreate.c:788:6:adBms6830ParseAux	32	static
../Core/Src/adBms6830ParseCreate.c:876:6:adBms6830ParseRAux	32	static
../Core/Src/adBms6830ParseCreate.c:958:6:adBms6830ParseStatusA	32	static
../Core/Src/adBms6830ParseCreate.c:990:6:adBms6830ParseStatusB	32	static
../Core/Src/adBms6830ParseCreate.c:1022:6:adBms6830ParseStatusC	32	static
../Core/Src/adBms6830ParseCreate.c:1068:6:adBms6830ParseStatusD	32	static
../Core/Src/adBms6830ParseCreate.c:1138:6:adBms6830ParseStatusE	32	static
../Core/Src/adBms6830ParseCreate.c:1169:6:adBms6830ParseStatus	40	static
../Core/Src/adBms6830ParseCreate.c:1237:6:adBms6830ParseComm	32	static
../Core/Src/adBms6830ParseCreate.c:1275:6:adBms6830ParseSID	32	static
../Core/Src/adBms6830ParseCreate.c:1310:6:adBms6830ParsePwma	32	static
../Core/Src/adBms6830ParseCreate.c:1351:6:adBms6830ParsePwmb	32	static
../Core/Src/adBms6830ParseCreate.c:1384:6:adBms6830ParsePwm	24	static
../Core/Src/adBms6830ParseCreate.c:1418:6:adBms6830CreateConfiga	24	static
../Core/Src/adBms6830ParseCreate.c:1448:6:adBms6830CreateConfigb	24	static
../Core/Src/adBms6830ParseCreate.c:1478:6:adBms6830CreateClrflagData	24	static
../Core/Src/adBms6830ParseCreate.c:1510:6:adBms6830CreateComm	24	static
../Core/Src/adBms6830ParseCreate.c:1540:6:adBms6830CreatePwma	24	static
../Core/Src/adBms6830ParseCreate.c:1569:6:adBms6830CreatePwmb	24	static
